{"u_token":"uGzVNeqT0eoAfqdeF8ideptiwUwIbK5j","part_number":"TSS-120-01-L-D","manufacturer":"Samtec","mode":"place-part","plugin":".snap","source":"https://www.snapeda.com"}